// Jest Snapshot v1, https://goo.gl/fbAQLP

exports[`renders correctly 1`] = `
<h2>
  Thank you, we will contact you soon
</h2>
`;
